[duo-studio.co/index.html]
[backblue.gif]
[fade.gif]
[index.html]
[duo-studio.co/assets/favicon.ico]
[duo-studio.co/assets/Duo_Favicon.jpg]
[duo-studio.co/assets/Duo_Favicon@16x16.jpg]
[duo-studio.co/assets/Duo_Favicon@180x180.jpg]
[duo-studio.co/assets/Duo_Favicon@192x192.jpg]
[duo-studio.co/assets/Duo_Favicon@512x512.jpg]
[duo-studio.co/styles/style-inline.css]
[duo-studio.co/styles/fonts.css]
[duo-studio.co/styles/style.css]
[unpkg.com/imagesloaded@5.0.0/imagesloaded.pkgd.min.js]
[duo-studio.co/scripts/libs/gsap.min.js]
[duo-studio.co/scripts/libs/ScrollSmoother.min.js]
[duo-studio.co/scripts/libs/ScrollTrigger.min.js]
[duo-studio.co/scripts/libs/SplitText.min.js]
[duo-studio.co/scripts/global.min.js]
[duo-studio.co/assets/logo.svg]
[duo-studio.co/assets/home/Duo Reel--Desktop-reduced.mp4]
[duo-studio.co/work/index.html]
[duo-studio.co/services/index.html]
[duo-studio.co/studio/index.html]
[duo-studio.co/journal/index.html]
[duo-studio.co/contact/index.html]
[duo-studio.co/assets/home/Duo Reel--Mobile-reduced.mp4]
[duo-studio.co/archive/index.html]
[duo-studio.co/assets/services/services__branding@1152.webp]
[duo-studio.co/services/branding-identity-system/index.html]
[duo-studio.co/assets/services/services__websites@1152.webp]
[duo-studio.co/services/web-design-development/index.html]
[duo-studio.co/assets/services/services__content@1152.webp]
[duo-studio.co/assets/home/projects_madegood-reduced.mp4]
[duo-studio.co/services/graphic-design/index.html]
[duo-studio.co/work/madegood/index.html]
[duo-studio.co/work/mgny/index.html]
[duo-studio.co/assets/home/home__mgny-thumbnail.webp]
[duo-studio.co/assets/home/home-casestudy-finturity.webp]
[duo-studio.co/work/finturity/index.html]
[duo-studio.co/assets/home/projects_cruefilms-reduced.mp4]
[duo-studio.co/work/cruefilms/index.html]
[duo-studio.co/assets/home/home-mentions-verizon.webp]
[duo-studio.co/privacy-policy/index.html]
[duo-studio.co/assets/home/home-mentions-awwwards-honorablemention.webp]
[duo-studio.co/assets/home/home-mentions-awwwards-mobile.webp]
[duo-studio.co/assets/home/home-mentions-mindsparkle.webp]
[duo-studio.co/assets/home/home-mentions-orpetron.webp]
[duo-studio.co/assets/home/home-mentions-designrush.webp]
[duo-studio.co/assets/home/client-amparo.webp]
[duo-studio.co/assets/home/client-apollo.webp]
[duo-studio.co/assets/home/client-cruefilms.webp]
[duo-studio.co/assets/home/client-finturity.webp]
[duo-studio.co/assets/home/client-gata.webp]
[duo-studio.co/assets/home/client-genimex.webp]
[duo-studio.co/assets/home/client-infinitytech.webp]
[duo-studio.co/assets/home/client-innercosmos.webp]
[duo-studio.co/assets/home/client-landrec.webp]
[duo-studio.co/assets/home/client-lumina.webp]
[duo-studio.co/assets/home/client-madegood.webp]
[duo-studio.co/assets/home/client-miraclemaids.webp]
[duo-studio.co/assets/home/client-mgny.webp]
[duo-studio.co/assets/home/client-rankpay.webp]
[duo-studio.co/assets/home/client-samatahealth.webp]
[duo-studio.co/assets/home/client-tiverbatim.webp]
[duo-studio.co/assets/home/client-uncommon.webp]
[duo-studio.co/index.html]
[www.googletagmanager.com/gtm5445.html]
[duo-studio.co/styles/style-inline.css]
[duo-studio.co/assets/fonts/PPMori-Regular.woff2]
[duo-studio.co/assets/fonts/PPMori-Regular.woff]
[duo-studio.co/assets/fonts/PPMori-SemiBold.woff2]
[duo-studio.co/assets/fonts/PPMori-SemiBold.woff]
[duo-studio.co/assets/fonts/SuisseIntl-Book-WebS.woff2]
[duo-studio.co/assets/fonts/SuisseIntl-Book-WebM.woff]
[duo-studio.co/assets/fonts/SuisseIntl-Book-WebM.woff2]
[duo-studio.co/assets/fonts/SuisseIntl-Book-WebXL.woff2]
[duo-studio.co/assets/fonts/SuisseIntl-Regular-WebXL.woff2]
[duo-studio.co/assets/fonts/SuisseIntl-Regular-WebXL.woff]
[duo-studio.co/assets/fonts/SuisseIntl-Light-WebXL.woff2]
[duo-studio.co/styles/fonts.css]
[duo-studio.co/styles/style.css]
[duo-studio.co/assets/logo.svg]
[duo-studio.co/assets/fonts/SuisseIntl-Light-WebXL.woff]
[duo-studio.co/assets/home/home-casestudy-mgny.webp]
[duo-studio.co/assets/home/home-casestudy-amparo.webp]
[duo-studio.co/work/amparo/index.html]
[duo-studio.co/assets/home/home-casestudy-lumina.webp]
[duo-studio.co/work/index.html]
[duo-studio.co/work/lumina/index.html]
[duo-studio.co/assets/services/services-banner.webp]
[duo-studio.co/assets/services/services__branding-thumbnail.webp]
[duo-studio.co/assets/services/services__website-thumbnail.webp]
[duo-studio.co/assets/services/services__content-thumbnail.webp]
[duo-studio.co/assets/services/services__our-specialty.mp4]
[duo-studio.co/assets/services/services__your-growth.mp4]
[duo-studio.co/services/index.html]
[duo-studio.co/assets/studio/studio-image__major.webp]
[duo-studio.co/assets/studio/studio__intro-image--1.webp]
[duo-studio.co/assets/studio/studio__intro-image--2.webp]
[duo-studio.co/assets/studio/Sonia_Polyzos--1.webp]
[duo-studio.co/assets/studio/Sonia_Polyzos--2.webp]
[duo-studio.co/assets/studio/Melody_Sahar-Khiz--1.webp]
[duo-studio.co/assets/studio/Melody_Sahar-Khiz--2.webp]
[duo-studio.co/assets/studio/Isak_Shah--1.webp]
[duo-studio.co/assets/studio/Isak_Shah--2.webp]
[duo-studio.co/assets/studio/Florence_Wang--1.webp]
[duo-studio.co/assets/studio/Florence_Wang--2.webp]
[duo-studio.co/assets/studio/Dat_Nguyen--1.webp]
[duo-studio.co/assets/studio/Dat_Nguyen--2.webp]
[duo-studio.co/studio/index.html]
[duo-studio.co/web-design-rfp/index.html]
[duo-studio.co/assets/journal/hMrmyjdGHI-600.webp]
[duo-studio.co/assets/journal/YhZwcn0fqg-600.webp]
[duo-studio.co/custom-web-development/index.html]
[duo-studio.co/assets/journal/3jLdGzSwqr-600.webp]
[duo-studio.co/working-remotely/index.html]
[duo-studio.co/assets/journal/vy8FA4V3TM-600.webp]
[duo-studio.co/journal/index.html]
[duo-studio.co/contact/index.html]
[duo-studio.co/assets/easter-egg/giftbird.webp]
[duo-studio.co/assets/easter-egg/housingline.webp]
[duo-studio.co/assets/easter-egg/tiverbatim.mp4]
[duo-studio.co/assets/easter-egg/genimex.webp]
[duo-studio.co/assets/easter-egg/infinity.mp4]
[duo-studio.co/assets/easter-egg/gata.webp]
[duo-studio.co/assets/easter-egg/fitclub.mp4]
[duo-studio.co/assets/easter-egg/apollo.mp4]
[duo-studio.co/assets/easter-egg/bmwl.webp]
[duo-studio.co/archive/index.html]
[duo-studio.co/assets/services/services__branding.webp]
[duo-studio.co/assets/work/finturity/finturity__banner@1024.webp 1024w]
[duo-studio.co/assets/work/amparo/amparo__banner@1024.webp 1024w]
[duo-studio.co/services/branding-identity-system/index.html]
[duo-studio.co/assets/services/services__websites.webp]
[duo-studio.co/assets/work/madegood/madegood__banner@1024.webp 1024w]
[duo-studio.co/assets/work/cruefilms/cruefilms__banner@1024.webp 1024w]
[duo-studio.co/services/web-design-development/index.html]
[duo-studio.co/assets/services/services__content.webp]
[duo-studio.co/assets/work/mgny/mgny__banner@1024.webp 1024w]
[duo-studio.co/services/graphic-design/index.html]
[duo-studio.co/assets/work/madegood/madegood__banner.webp]
[duo-studio.co/assets/work/madegood/madegood_home.mp4]
[duo-studio.co/assets/work/madegood/madegood__sec-2.webp]
[duo-studio.co/assets/work/madegood/madegood__sec-3--1.webp]
[duo-studio.co/assets/work/madegood/madegood__sec-3--2.webp]
[duo-studio.co/assets/work/madegood/madegood__sec-4--1.webp]
[duo-studio.co/assets/work/madegood/madegood__sec-4--2.webp]
[duo-studio.co/assets/work/madegood/madegood__sec-4--3.webp]
[duo-studio.co/assets/work/madegood/madegood__sec-4--4.webp]
[duo-studio.co/assets/work/madegood/madegood__sec-4--5.webp]
[duo-studio.co/assets/work/madegood/madegood_portfolio-2.mp4]
[duo-studio.co/assets/work/madegood/madegood_menu.mp4]
[duo-studio.co/assets/work/madegood/madegood__sec-6--1.webp]
[duo-studio.co/assets/work/madegood/madegood__sec-6--2.webp]
[duo-studio.co/assets/work/madegood/madegood__sec-6--3.webp]
[duo-studio.co/assets/work/madegood/madegood__sec-6--5.webp]
[duo-studio.co/assets/work/madegood/madegood-drink.mp4]
[duo-studio.co/assets/work/mgny/mgny__banner.webp]
[duo-studio.co/work/madegood/index.html]
[duo-studio.co/assets/work/mgny/mgny_intro_homepage.mp4]
[duo-studio.co/assets/work/mgny/mgny__sec-2.webp]
[duo-studio.co/assets/work/mgny/mgny__sec-3--1.webp]
[duo-studio.co/assets/work/mgny/mgny__sec-3--2.webp]
[duo-studio.co/assets/work/mgny/mgny__sec-3--3.webp]
[duo-studio.co/assets/work/mgny/mgny__sec-3--4.webp]
[duo-studio.co/assets/work/mgny/mgny__sec-4--1.webp]
[duo-studio.co/assets/work/mgny/mgny__sec-4--2.webp]
[duo-studio.co/assets/work/mgny/mgny__sec-4--3.webp]
[duo-studio.co/assets/work/mgny/mgny__sec-4--4.webp]
[duo-studio.co/assets/work/mgny/mgny__sec-4--5.webp]
[duo-studio.co/assets/work/mgny/mgny__sec-4--6.webp]
[duo-studio.co/assets/work/mgny/mgny__sec-5--1.webp]
[duo-studio.co/assets/work/mgny/mgny__sec-5--2.webp]
[duo-studio.co/assets/work/mgny/mgny__sec-5--3.webp]
[duo-studio.co/assets/work/finturity/finturity__banner.webp]
[duo-studio.co/work/mgny/index.html]
[duo-studio.co/assets/work/finturity/finturity__sec-1.webp]
[duo-studio.co/assets/work/finturity/finturity__sec-2.webp]
[duo-studio.co/assets/work/finturity/logo_gif.mp4]
[duo-studio.co/assets/work/finturity/finturity__sec-3.webp]
[duo-studio.co/assets/work/finturity/finturity__sec-4--1.webp]
[duo-studio.co/assets/work/finturity/finturity__sec-4--2.webp]
[duo-studio.co/assets/work/finturity/finturity__sec-4--3.webp]
[duo-studio.co/assets/work/finturity/finturity__sec-4--4.webp]
[duo-studio.co/assets/work/finturity/finturity__sec-5--1.webp]
[duo-studio.co/assets/work/finturity/finturity__sec-5--2.webp]
[duo-studio.co/assets/work/finturity/finturity__sec-5--3.webp]
[duo-studio.co/assets/work/finturity/finturity__sec-5--4.webp]
[duo-studio.co/assets/work/finturity/video_homepage.mp4]
[duo-studio.co/assets/work/finturity/finturity__sec-6--1.webp]
[duo-studio.co/assets/work/finturity/video_map.mp4]
[duo-studio.co/assets/work/finturity/finturity__sec-6--2.webp]
[duo-studio.co/assets/work/finturity/finturity__sec-6--3.webp]
[duo-studio.co/assets/work/cruefilms/cruefilms__banner.webp]
[duo-studio.co/work/finturity/index.html]
[duo-studio.co/assets/work/cruefilms/cruefilms_mockup_portfolio.mp4]
[duo-studio.co/assets/work/cruefilms/cruefilms__sec-2.webp]
[duo-studio.co/assets/work/cruefilms/cruefilms_loader_logo.mp4]
[duo-studio.co/assets/work/cruefilms/cruefilms__sec-3.webp]
[duo-studio.co/assets/work/cruefilms/cruefilms__sec-4--1-1.webp]
[duo-studio.co/assets/work/cruefilms/cruefilms__sec-4--1-2.webp]
[duo-studio.co/assets/work/cruefilms/cruefilms__sec-4--1-3.webp]
[duo-studio.co/assets/work/cruefilms/cruefilms__sec-4--1-4.webp]
[duo-studio.co/assets/work/cruefilms/cruefilms__sec-4--1-5.webp]
[duo-studio.co/assets/work/cruefilms/cruefilms__sec-4--1-6.webp]
[duo-studio.co/assets/work/cruefilms/cruefilms__sec-4--2.webp]
[duo-studio.co/assets/work/cruefilms/cruefilms__sec-4--3.webp]
[duo-studio.co/assets/work/cruefilms/cruefilms__sec-5--1.webp]
[duo-studio.co/assets/work/cruefilms/cruefilms__sec-5--2.webp]
[duo-studio.co/assets/work/cruefilms/cruefilms__sec-5--3.webp]
[duo-studio.co/assets/work/cruefilms/cruefilms__sec-5--4.webp]
[duo-studio.co/assets/work/cruefilms/cruefilms_contact.mp4]
[duo-studio.co/assets/work/cruefilms/cruefilms__sec-5--5.webp]
[duo-studio.co/assets/work/cruefilms/cruefilms__sec-5--6.webp]
[duo-studio.co/assets/work/cruefilms/cruefilms__sec-5--7.webp]
[duo-studio.co/assets/work/amparo/amparo__banner.webp]
[duo-studio.co/work/cruefilms/index.html]
[duo-studio.co/privacy-policy/index.html]
[duo-studio.co/assets/work/amparo/Amparo_Homepage.mp4]
[duo-studio.co/assets/work/amparo/amparo__sec-2.webp]
[duo-studio.co/assets/work/amparo/amparo__sec-3--1.webp]
[duo-studio.co/assets/work/amparo/amparo__sec-3--2.webp]
[duo-studio.co/assets/work/amparo/amparo__sec-4--1.webp]
[duo-studio.co/assets/work/amparo/amparo__sec-4--2.webp]
[duo-studio.co/assets/work/amparo/amparo__sec-4--4.png]
[duo-studio.co/assets/work/amparo/amparo__sec-4--3.webp]
[duo-studio.co/assets/work/amparo/amparo_artist.mp4]
[duo-studio.co/assets/work/amparo/amparo__sec-5--3.webp]
[duo-studio.co/assets/work/amparo/Amparo_LandingPage.mp4]
[duo-studio.co/assets/work/amparo/amparo__sec-5--1.webp]
[duo-studio.co/assets/work/amparo/amparo__sec-5--2.webp]
[duo-studio.co/assets/work/amparo/amparo__sec-6.webp]
[duo-studio.co/assets/work/amparo/Amparo_ProductFilter.mp4]
[duo-studio.co/assets/work/amparo/amparo__sec-7--1.webp]
[duo-studio.co/assets/work/amparo/amparo__sec-7--2.webp]
[duo-studio.co/assets/work/amparo/amparo__sec-7--3.webp]
[duo-studio.co/assets/work/lumina/lumina__banner.webp]
[duo-studio.co/work/amparo/index.html]
[duo-studio.co/assets/work/lumina/Home_Tablet.mp4]
[duo-studio.co/assets/work/lumina/lumina__sec-2.webp]
[duo-studio.co/assets/work/lumina/lumina__sec-3--1.png]
[duo-studio.co/assets/work/lumina/lumina__sec-3--2.jpg]
[duo-studio.co/assets/work/lumina/lumina__sec-3--3.png]
[duo-studio.co/assets/work/lumina/lumina__sec-3--4.webp]
[duo-studio.co/assets/work/lumina/lumina__sec-3--5.webp]
[duo-studio.co/assets/work/lumina/lumina__sec-4--1.webp]
[duo-studio.co/assets/work/lumina/lumina__sec-4--2.webp]
[duo-studio.co/assets/work/lumina/lumina__sec-4--3.webp]
[duo-studio.co/assets/work/lumina/lumina__sec-5--1.webp]
[duo-studio.co/assets/work/lumina/lumina__sec-5--2.webp]
[duo-studio.co/assets/work/lumina/lumina__sec-5--3.svg]
[duo-studio.co/assets/work/lumina/lumina__sec-5--4.jpg]
[duo-studio.co/work/lumina/index.html]
[duo-studio.co/assets/web-design-rfp/-bQQRnVXZs-1920.webp]
[duo-studio.co/assets/web-design-rfp/NFUfBrp8WL-950.webp]
[duo-studio.co/assets/web-design-rfp/Jp9VZ2JlpZ-619.webp]
[duo-studio.co/assets/web-design-rfp/PxEYqQjuM1-950.webp]
[duo-studio.co/assets/web-design-rfp/0ccLh6vODC-950.webp]
[duo-studio.co/assets/web-design-rfp/h0vdm_fwXV-1920.webp]
[duo-studio.co/assets/web-design-rfp/blFPMCdtdN-1920.webp]
[duo-studio.co/web-design-rfp/index.html]
[duo-studio.co/assets/custom-web-development/h0vdm_fwXV-1920.webp]
[duo-studio.co/assets/custom-web-development/ZGj9u9sO6E-950.webp]
[duo-studio.co/assets/custom-web-development/Y6_sNHPOtx-950.webp]
[duo-studio.co/assets/custom-web-development/YwwA1MFf0n-950.webp]
[duo-studio.co/assets/custom-web-development/Zhg3TtlMH8-950.webp]
[duo-studio.co/assets/custom-web-development/_oZ3rdCk3F-950.webp]
[duo-studio.co/assets/custom-web-development/-bQQRnVXZs-1920.webp]
[duo-studio.co/assets/custom-web-development/blFPMCdtdN-1920.webp]
[duo-studio.co/custom-web-development/index.html]
[duo-studio.co/assets/working-remotely/blFPMCdtdN-1920.webp]
[duo-studio.co/assets/working-remotely/LM34kmf-dS-950.webp]
[duo-studio.co/assets/working-remotely/3hEo3-T_CA-950.webp]
[duo-studio.co/assets/working-remotely/KLfqdfg-5v-950.webp]
[duo-studio.co/assets/working-remotely/-bQQRnVXZs-1920.webp]
[duo-studio.co/assets/working-remotely/h0vdm_fwXV-1920.webp]
[duo-studio.co/working-remotely/index.html]
[duo-studio.co/assets/work/finturity/finturity__banner@1024.html]
[duo-studio.co/assets/work/amparo/amparo__banner@1024.html]
[duo-studio.co/assets/work/madegood/madegood__banner@1024.html]
[duo-studio.co/assets/work/cruefilms/cruefilms__banner@1024.html]
[duo-studio.co/assets/work/mgny/mgny__banner@1024.html]
[duo-studio.co/assets/work/lumina/lumina__sec-5--3.svg]
